Aug 03, 2026 11:50:59 A.M. com.hotelreservation.util.AppLogger audit
INFO: actor=SYSTEM | action=REFERENCE_DATA_READY | entityType=Database | entityId=- | message=Default rooms and add-ons are ready.
Aug 03, 2026 11:51:00 A.M. com.hotelreservation.util.AppLogger audit
INFO: actor=SYSTEM | action=ADMIN_ACCOUNT_CREATED | entityType=AdminUser | entityId=1 | message=Default ADMIN account created for username admin.
Aug 03, 2026 11:51:01 A.M. com.hotelreservation.util.AppLogger audit
INFO: actor=SYSTEM | action=ADMIN_ACCOUNT_CREATED | entityType=AdminUser | entityId=2 | message=Default MANAGER account created for username manager.
Aug 03, 2026 11:51:21 A.M. com.hotelreservation.util.AppLogger audit
INFO: actor=admin | action=LOGIN_SUCCESS | entityType=AdminUser | entityId=1 | message=Administrator logged in successfully with role ADMIN.
Aug 03, 2026 11:51:44 A.M. com.hotelreservation.util.AppLogger audit
INFO: actor=admin | action=RESERVATION_SEARCH | entityType=Reservation | entityId=- | message=Search returned 16 reservation(s).
Aug 03, 2026 11:52:31 A.M. com.hotelreservation.util.AppLogger audit
INFO: actor=admin | action=FEEDBACK_SEARCH | entityType=Feedback | entityId=- | message=Feedback search returned 0 row(s).
Aug 03, 2026 11:52:34 A.M. com.hotelreservation.util.AppLogger audit
INFO: actor=admin | action=REVENUE_REPORT | entityType=Report | entityId=- | message=Generated 4 report row(s).
Aug 03, 2026 11:52:38 A.M. com.hotelreservation.util.AppLogger audit
INFO: actor=admin | action=REVENUE_REPORT | entityType=Report | entityId=- | message=Generated 4 report row(s).
Aug 03, 2026 12:42:38 P.M. com.hotelreservation.util.AppLogger audit
INFO: actor=SYSTEM | action=REFERENCE_DATA_READY | entityType=Database | entityId=- | message=Default rooms and add-ons are ready.
Aug 03, 2026 12:42:50 P.M. com.hotelreservation.util.AppLogger audit
INFO: actor=admin | action=LOGIN_SUCCESS | entityType=AdminUser | entityId=1 | message=Administrator logged in successfully with role ADMIN.
Aug 03, 2026 1:01:21 P.M. com.hotelreservation.util.AppLogger audit
INFO: actor=SYSTEM | action=REFERENCE_DATA_READY | entityType=Database | entityId=- | message=Default rooms and add-ons are ready.
Aug 03, 2026 1:12:25 P.M. com.hotelreservation.util.AppLogger audit
INFO: actor=SYSTEM | action=REFERENCE_DATA_READY | entityType=Database | entityId=- | message=Default rooms and add-ons are ready.
Aug 03, 2026 1:12:25 P.M. com.hotelreservation.util.AppLogger audit
INFO: actor=SYSTEM | action=ADMIN_ACCOUNT_CREATED | entityType=AdminUser | entityId=3 | message=Default ADMIN account created for username admin.
Aug 03, 2026 1:12:26 P.M. com.hotelreservation.util.AppLogger audit
INFO: actor=SYSTEM | action=ADMIN_ACCOUNT_CREATED | entityType=AdminUser | entityId=4 | message=Default MANAGER account created for username manager.
Aug 03, 2026 1:37:17 P.M. com.hotelreservation.util.AppLogger audit
INFO: actor=SYSTEM | action=REFERENCE_DATA_READY | entityType=Database | entityId=- | message=Default rooms and add-ons are ready.
Aug 03, 2026 1:37:37 P.M. com.hotelreservation.util.AppLogger audit
INFO: actor=admin | action=LOGIN_SUCCESS | entityType=AdminUser | entityId=3 | message=Administrator logged in successfully with role ADMIN.
Aug 03, 2026 1:37:42 P.M. com.hotelreservation.util.AppLogger audit
INFO: actor=admin | action=RESERVATION_SEARCH | entityType=Reservation | entityId=- | message=Search returned 0 reservation(s).
